
 Start  Stop   Length Name               Class

 00000H 02590H 02591H _TEXT              CODE
 02591H 027C5H 00235H TEST_TEXT          CODE
 027C6H 0289BH 000D6H OS_CPU_A_TEXT      CODE
 0289CH 02A71H 001D6H OS_CPU_C_TEXT      CODE
 02A72H 02DEEH 0037DH PC_TEXT            CODE
 02DEFH 067CFH 039E1H UCOS_II_TEXT       CODE
 067D0H 067D0H 00000H _FARDATA           FAR_DATA
 067D0H 067D0H 00000H _FARBSS            FAR_BSS
 067D0H 067D0H 00000H _OVERLAY_          OVRINFO
 067D0H 067D0H 00000H _1STUB_            STUBSEG
 067D0H 06CCBH 004FCH _DATA              DATA
 06CCCH 06CCDH 00002H _CVTSEG            DATA
 06CCEH 06CD3H 00006H _SCNSEG            DATA
 06CD4H 06CD4H 00000H _CONST             CONST
 06CD4H 06CDFH 0000CH _INIT_             INITDATA
 06CE0H 06CE0H 00000H _INITEND_          INITDATA
 06CE0H 06CE0H 00000H _EXIT_             EXITDATA
 06CE0H 06CE0H 00000H _EXITEND_          EXITDATA
 06CE0H 09737H 02A58H _BSS               BSS
 09738H 09738H 00000H _BSSEND            BSSEND
 09740H 097BFH 00080H _STACK             STACK


Detailed map of segments

 0000:0000 0295 C=CODE   S=_TEXT          G=(none)  M=c0.ASM     ACBP=28
 0000:0295 002D C=CODE   S=_TEXT          G=(none)  M=ATEXIT     ACBP=28
 0000:02C2 0093 C=CODE   S=_TEXT          G=(none)  M=EXIT       ACBP=28
 0000:0355 0000 C=CODE   S=_TEXT          G=(none)  M=FILES      ACBP=28
 0000:0355 0000 C=CODE   S=_TEXT          G=(none)  M=FILES2     ACBP=28
 0000:0355 0017 C=CODE   S=_TEXT          G=(none)  M=F_LXMUL    ACBP=28
 0000:036C 0026 C=CODE   S=_TEXT          G=(none)  M=GETDATE    ACBP=28
 0000:0392 00AE C=CODE   S=_TEXT          G=(none)  M=H_LDIV     ACBP=28
 0000:0440 0021 C=CODE   S=_TEXT          G=(none)  M=H_LLSH     ACBP=28
 0000:0461 0021 C=CODE   S=_TEXT          G=(none)  M=H_LURSH    ACBP=28
 0000:0482 0060 C=CODE   S=_TEXT          G=(none)  M=H_PADD     ACBP=28
 0000:04E2 004B C=CODE   S=_TEXT          G=(none)  M=IOERROR    ACBP=28
 0000:052D 0011 C=CODE   S=_TEXT          G=(none)  M=ISATTY     ACBP=28
 0000:053E 00A2 C=CODE   S=_TEXT          G=(none)  M=LONGTOA    ACBP=28
 0000:05E0 0029 C=CODE   S=_TEXT          G=(none)  M=LSEEK      ACBP=28
 0000:0609 0021 C=CODE   S=_TEXT          G=(none)  M=N_PCMP     ACBP=28
 0000:062A 00BA C=CODE   S=_TEXT          G=(none)  M=SETUPIO    ACBP=28
 0000:06E4 0000 C=CODE   S=_TEXT          G=(none)  M=STKLEN     ACBP=28
 0000:06E4 04DB C=CODE   S=_TEXT          G=(none)  M=VPRINTER   ACBP=28
 0000:0BBF 009F C=CODE   S=_TEXT          G=(none)  M=VRAM       ACBP=28
 0000:0C5E 0000 C=CODE   S=_TEXT          G=(none)  M=WSCROLL    ACBP=28
 0000:0C5E 014E C=CODE   S=_TEXT          G=(none)  M=CPRINTF    ACBP=28
 0000:0DAC 01A5 C=CODE   S=_TEXT          G=(none)  M=CRTINIT    ACBP=28
 0000:0F51 001F C=CODE   S=_TEXT          G=(none)  M=CVTFAK     ACBP=28
 0000:0F70 0432 C=CODE   S=_TEXT          G=(none)  M=FARHEAP    ACBP=28
 0000:13A2 0140 C=CODE   S=_TEXT          G=(none)  M=FBRK       ACBP=28
 0000:14E2 005E C=CODE   S=_TEXT          G=(none)  M=GETCH      ACBP=28
 0000:1540 00AC C=CODE   S=_TEXT          G=(none)  M=GPTEXT     ACBP=28
 0000:15EC 0012 C=CODE   S=_TEXT          G=(none)  M=KBHIT      ACBP=28
 0000:15FE 009D C=CODE   S=_TEXT          G=(none)  M=MOVETEXT   ACBP=28
 0000:169B 0017 C=CODE   S=_TEXT          G=(none)  M=PUTCH      ACBP=28
 0000:16B2 0004 C=CODE   S=_TEXT          G=(none)  M=REALCVT    ACBP=28
 0000:16B6 01C7 C=CODE   S=_TEXT          G=(none)  M=SCREEN     ACBP=28
 0000:187D 018E C=CODE   S=_TEXT          G=(none)  M=SCROLL     ACBP=28
 0000:1A0B 001C C=CODE   S=_TEXT          G=(none)  M=SETBLOCK   ACBP=28
 0000:1A27 006A C=CODE   S=_TEXT          G=(none)  M=SETJMP     ACBP=28
 0000:1A91 002C C=CODE   S=_TEXT          G=(none)  M=WHEREXY    ACBP=28
 0000:1ABD 00CD C=CODE   S=_TEXT          G=(none)  M=FFLUSH     ACBP=28
 0000:1B8A 0042 C=CODE   S=_TEXT          G=(none)  M=FLUSHALL   ACBP=28
 0000:1BCC 01E2 C=CODE   S=_TEXT          G=(none)  M=FSEEK      ACBP=28
 0000:1DAE 0024 C=CODE   S=_TEXT          G=(none)  M=MEMCPY     ACBP=28
 0000:1DD2 001B C=CODE   S=_TEXT          G=(none)  M=PRINTF     ACBP=28
 0000:1DED 03C8 C=CODE   S=_TEXT          G=(none)  M=PUTC       ACBP=28
 0000:21B5 0058 C=CODE   S=_TEXT          G=(none)  M=PUTS       ACBP=28
 0000:220D 011D C=CODE   S=_TEXT          G=(none)  M=SETVBUF    ACBP=28
 0000:232A 0083 C=CODE   S=_TEXT          G=(none)  M=SPRINTF    ACBP=28
 0000:23AD 001F C=CODE   S=_TEXT          G=(none)  M=STRLEN     ACBP=28
 0000:23CC 0151 C=CODE   S=_TEXT          G=(none)  M=WRITE      ACBP=28
 0000:251D 003C C=CODE   S=_TEXT          G=(none)  M=WRITEA     ACBP=28
 0000:2559 0038 C=CODE   S=_TEXT          G=(none)  M=XFFLUSH    ACBP=28
 0259:0001 0235 C=CODE   S=TEST_TEXT      G=(none)  M=test.c     ACBP=28
 027C:0006 00D6 C=CODE   S=OS_CPU_A_TEXT  G=(none)  M=\SOFTWARE\uCOS-II\Ix86L\BC45\OS_CPU_A.ASM ACBP=48
 0289:000C 01D6 C=CODE   S=OS_CPU_C_TEXT  G=(none)  M=os_cpu_c.c ACBP=28
 02A7:0002 037D C=CODE   S=PC_TEXT        G=(none)  M=pc.c       ACBP=28
 02DE:000F 39E1 C=CODE   S=UCOS_II_TEXT   G=(none)  M=ucos_ii.c  ACBP=28
 067D:0000 0000 C=FAR_DATA S=_FARDATA       G=(none)  M=c0.ASM     ACBP=68
 067D:0000 0000 C=FAR_BSS S=_FARBSS        G=(none)  M=c0.ASM     ACBP=68
 067D:0000 0000 C=OVRINFO S=_OVERLAY_      G=(none)  M=c0.ASM     ACBP=68
 067D:0000 0000 C=STUBSEG S=_1STUB_        G=(none)  M=c0.ASM     ACBP=68
 067D:0000 0093 C=DATA   S=_DATA          G=DGROUP  M=c0.ASM     ACBP=68
 067D:0094 0021 C=DATA   S=_DATA          G=DGROUP  M=test.c     ACBP=48
 067D:00B6 0000 C=DATA   S=_DATA          G=DGROUP  M=\SOFTWARE\uCOS-II\Ix86L\BC45\OS_CPU_A.ASM ACBP=48
 067D:00B6 0000 C=DATA   S=_DATA          G=DGROUP  M=os_cpu_c.c ACBP=48
 067D:00B6 001F C=DATA   S=_DATA          G=DGROUP  M=pc.c       ACBP=48
 067D:00D6 0142 C=DATA   S=_DATA          G=DGROUP  M=ucos_ii.c  ACBP=48
 067D:0218 0002 C=DATA   S=_DATA          G=DGROUP  M=ATEXIT     ACBP=48
 067D:021A 000C C=DATA   S=_DATA          G=DGROUP  M=EXIT       ACBP=48
 067D:0226 0190 C=DATA   S=_DATA          G=DGROUP  M=FILES      ACBP=48
 067D:03B6 002A C=DATA   S=_DATA          G=DGROUP  M=FILES2     ACBP=48
 067D:03E0 0000 C=DATA   S=_DATA          G=DGROUP  M=F_LXMUL    ACBP=48
 067D:03E0 0000 C=DATA   S=_DATA          G=DGROUP  M=GETDATE    ACBP=48
 067D:03E0 0000 C=DATA   S=_DATA          G=DGROUP  M=H_LDIV     ACBP=48
 067D:03E0 0000 C=DATA   S=_DATA          G=DGROUP  M=H_LLSH     ACBP=48
 067D:03E0 0000 C=DATA   S=_DATA          G=DGROUP  M=H_LURSH    ACBP=48
 067D:03E0 0000 C=DATA   S=_DATA          G=DGROUP  M=H_PADD     ACBP=48
 067D:03E0 005B C=DATA   S=_DATA          G=DGROUP  M=IOERROR    ACBP=48
 067D:043C 0000 C=DATA   S=_DATA          G=DGROUP  M=ISATTY     ACBP=48
 067D:043C 0000 C=DATA   S=_DATA          G=DGROUP  M=LONGTOA    ACBP=48
 067D:043C 0000 C=DATA   S=_DATA          G=DGROUP  M=LSEEK      ACBP=48
 067D:043C 0000 C=DATA   S=_DATA          G=DGROUP  M=N_PCMP     ACBP=48
 067D:043C 0000 C=DATA   S=_DATA          G=DGROUP  M=SETUPIO    ACBP=48
 067D:043C 0002 C=DATA   S=_DATA          G=DGROUP  M=STKLEN     ACBP=48
 067D:043E 0067 C=DATA   S=_DATA          G=DGROUP  M=VPRINTER   ACBP=48
 067D:04A6 0000 C=DATA   S=_DATA          G=DGROUP  M=VRAM       ACBP=48
 067D:04A6 0002 C=DATA   S=_DATA          G=DGROUP  M=WSCROLL    ACBP=48
 067D:04A8 0000 C=DATA   S=_DATA          G=DGROUP  M=CPRINTF    ACBP=48
 067D:04A8 0018 C=DATA   S=_DATA          G=DGROUP  M=CRTINIT    ACBP=48
 067D:04C0 0031 C=DATA   S=_DATA          G=DGROUP  M=CVTFAK     ACBP=48
 067D:04F2 0000 C=DATA   S=_DATA          G=DGROUP  M=FARHEAP    ACBP=48
 067D:04F2 0002 C=DATA   S=_DATA          G=DGROUP  M=FBRK       ACBP=48
 067D:04F4 0000 C=DATA   S=_DATA          G=DGROUP  M=GETCH      ACBP=48
 067D:04F4 0000 C=DATA   S=_DATA          G=DGROUP  M=GPTEXT     ACBP=48
 067D:04F4 0002 C=DATA   S=_DATA          G=DGROUP  M=KBHIT      ACBP=48
 067D:04F6 0000 C=DATA   S=_DATA          G=DGROUP  M=MOVETEXT   ACBP=48
 067D:04F6 0000 C=DATA   S=_DATA          G=DGROUP  M=PUTCH      ACBP=48
 067D:04F6 0000 C=DATA   S=_DATA          G=DGROUP  M=REALCVT    ACBP=48
 067D:04F6 0000 C=DATA   S=_DATA          G=DGROUP  M=SCREEN     ACBP=48
 067D:04F6 0000 C=DATA   S=_DATA          G=DGROUP  M=SCROLL     ACBP=48
 067D:04F6 0000 C=DATA   S=_DATA          G=DGROUP  M=SETBLOCK   ACBP=48
 067D:04F6 0000 C=DATA   S=_DATA          G=DGROUP  M=SETJMP     ACBP=48
 067D:04F6 0000 C=DATA   S=_DATA          G=DGROUP  M=WHEREXY    ACBP=48
 067D:04F6 0000 C=DATA   S=_DATA          G=DGROUP  M=FFLUSH     ACBP=48
 067D:04F6 0000 C=DATA   S=_DATA          G=DGROUP  M=FLUSHALL   ACBP=48
 067D:04F6 0000 C=DATA   S=_DATA          G=DGROUP  M=FSEEK      ACBP=48
 067D:04F6 0000 C=DATA   S=_DATA          G=DGROUP  M=MEMCPY     ACBP=48
 067D:04F6 0000 C=DATA   S=_DATA          G=DGROUP  M=PRINTF     ACBP=48
 067D:04F6 0001 C=DATA   S=_DATA          G=DGROUP  M=PUTC       ACBP=48
 067D:04F8 0000 C=DATA   S=_DATA          G=DGROUP  M=PUTS       ACBP=48
 067D:04F8 0004 C=DATA   S=_DATA          G=DGROUP  M=SETVBUF    ACBP=48
 067D:04FC 0000 C=DATA   S=_DATA          G=DGROUP  M=SPRINTF    ACBP=48
 067D:04FC 0000 C=DATA   S=_DATA          G=DGROUP  M=STRLEN     ACBP=48
 067D:04FC 0000 C=DATA   S=_DATA          G=DGROUP  M=WRITE      ACBP=48
 067D:04FC 0000 C=DATA   S=_DATA          G=DGROUP  M=WRITEA     ACBP=48
 067D:04FC 0000 C=DATA   S=_DATA          G=DGROUP  M=XFFLUSH    ACBP=48
 067D:04FC 0000 C=DATA   S=_CVTSEG        G=DGROUP  M=c0.ASM     ACBP=48
 067D:04FC 0002 C=DATA   S=_CVTSEG        G=DGROUP  M=CVTFAK     ACBP=48
 067D:04FE 0000 C=DATA   S=_CVTSEG        G=DGROUP  M=REALCVT    ACBP=48
 067D:04FE 0000 C=DATA   S=_SCNSEG        G=DGROUP  M=c0.ASM     ACBP=48
 067D:04FE 0006 C=DATA   S=_SCNSEG        G=DGROUP  M=CVTFAK     ACBP=48
 067D:0504 0000 C=CONST  S=_CONST         G=DGROUP  M=c0.ASM     ACBP=48
 067D:0504 0000 C=INITDATA S=_INIT_         G=DGROUP  M=c0.ASM     ACBP=48
 067D:0504 0006 C=INITDATA S=_INIT_         G=DGROUP  M=SETUPIO    ACBP=48
 067D:050A 0006 C=INITDATA S=_INIT_         G=DGROUP  M=CRTINIT    ACBP=48
 067D:0510 0000 C=INITDATA S=_INITEND_      G=DGROUP  M=c0.ASM     ACBP=28
 067D:0510 0000 C=EXITDATA S=_EXIT_         G=DGROUP  M=c0.ASM     ACBP=48
 067D:0510 0000 C=EXITDATA S=_EXITEND_      G=DGROUP  M=c0.ASM     ACBP=28
 067D:0510 0000 C=BSS    S=_BSS           G=DGROUP  M=c0.ASM     ACBP=48
 067D:0510 1000 C=BSS    S=_BSS           G=DGROUP  M=test.c     ACBP=48
 067D:1510 0001 C=BSS    S=_BSS           G=DGROUP  M=os_cpu_c.c ACBP=48
 067D:1512 001B C=BSS    S=_BSS           G=DGROUP  M=pc.c       ACBP=48
 067D:152E 19B8 C=BSS    S=_BSS           G=DGROUP  M=ucos_ii.c  ACBP=48
 067D:2EE6 0080 C=BSS    S=_BSS           G=DGROUP  M=ATEXIT     ACBP=48
 067D:2F66 0000 C=BSS    S=_BSS           G=DGROUP  M=IOERROR    ACBP=48
 067D:2F66 0000 C=BSS    S=_BSS           G=DGROUP  M=ISATTY     ACBP=48
 067D:2F66 0000 C=BSS    S=_BSS           G=DGROUP  M=LONGTOA    ACBP=48
 067D:2F66 0000 C=BSS    S=_BSS           G=DGROUP  M=LSEEK      ACBP=48
 067D:2F66 0000 C=BSS    S=_BSS           G=DGROUP  M=SETUPIO    ACBP=48
 067D:2F66 0000 C=BSS    S=_BSS           G=DGROUP  M=VPRINTER   ACBP=48
 067D:2F66 0000 C=BSS    S=_BSS           G=DGROUP  M=VRAM       ACBP=48
 067D:2F66 0000 C=BSS    S=_BSS           G=DGROUP  M=CRTINIT    ACBP=48
 067D:2F66 0000 C=BSS    S=_BSS           G=DGROUP  M=GETCH      ACBP=48
 067D:2F66 0000 C=BSS    S=_BSS           G=DGROUP  M=KBHIT      ACBP=48
 067D:2F66 0000 C=BSS    S=_BSS           G=DGROUP  M=SETBLOCK   ACBP=48
 067D:2F66 0000 C=BSS    S=_BSS           G=DGROUP  M=SETJMP     ACBP=48
 067D:2F66 0000 C=BSS    S=_BSS           G=DGROUP  M=MEMCPY     ACBP=48
 067D:2F66 0001 C=BSS    S=_BSS           G=DGROUP  M=PUTC       ACBP=48
 067D:2F68 0000 C=BSS    S=_BSS           G=DGROUP  M=STRLEN     ACBP=48
 067D:2F68 0000 C=BSS    S=_BSS           G=DGROUP  M=WRITEA     ACBP=48
 067D:2F68 0000 C=BSSEND S=_BSSEND        G=DGROUP  M=c0.ASM     ACBP=28
 0974:0000 0080 C=STACK  S=_STACK         G=(none)  M=c0.ASM     ACBP=74

  Address         Publics by Name

 067D:0000 idle  DATASEG@
 0000:0291 idle  DGROUP@
 0000:0395 idle  F_LDIV@
 0000:03A4 idle  F_LMOD@
 0000:039C       F_LUDIV@
 0000:03AC idle  F_LUMOD@
 0000:0443       F_LXLSH@
 0000:0355       F_LXMUL@
 0000:0464       F_LXURSH@
 0000:0485 idle  F_PADD@
 0000:04B4 idle  F_PSUB@
 0000:0395 idle  LDIV@
 0000:03A4 idle  LMOD@
 0000:039C idle  LUDIV@
 0000:03AC idle  LUMOD@
 0000:0443 idle  LXLSH@
 0000:0355 idle  LXMUL@
 0000:0464 idle  LXURSH@
 0000:0392 idle  N_LDIV@
 0000:03A1 idle  N_LMOD@
 0000:0399 idle  N_LUDIV@
 0000:03A9 idle  N_LUMOD@
 0000:0440       N_LXLSH@
 0000:0461 idle  N_LXURSH@
 0000:0482       N_PADD@
 0000:0609       N_PCMP@
 0000:04B1 idle  N_PSUB@
 0000:0485 idle  PADD@
 0000:04B4 idle  PSUB@
 0000:027A       _abort
 0000:0295 idle  _atexit
 0000:0D90 idle  _cprintf
 067D:04B7       _directvideo
 067D:007F       _errno
 0000:031A       _exit
 0000:10B0 idle  _farfree
 0000:11C4 idle  _farmalloc
 0000:1328 idle  _farrealloc
 0000:1ABD       _fflush
 0000:1B8A       _flushall
 0000:1E09       _fputc
 0000:1F9E idle  _fputchar
 0000:10B0       _free
 0000:1C4E       _fseek
 0000:1CCE idle  _ftell
 0000:14E2       _getch
 0000:14FE idle  _getche
 0000:036C       _getdate
 0000:1540       _gettext
 0000:037F       _gettime
 0000:052D       _isatty
 0000:15EC       _kbhit
 0000:1A5D       _longjmp
 0000:05E0       _lseek
 0259:0001       _main
 0000:11BA       _malloc
 0000:1DAE       _memcpy
 0000:15FE       _movetext
 067D:2E16 idle  _OSCPUUsage
 027C:0024       _OSCtxSw
 067D:2EE2       _OSCtxSwCtr
 067D:2EDE idle  _OSEventFreeList
 067D:2E3E idle  _OSEventTbl
 02DE:099B idle  _OSFlagAccept
 02DE:0ACD idle  _OSFlagCreate
 02DE:0B45 idle  _OSFlagDel
 067D:2E17 idle  _OSFlagFreeList
 02DE:0C87 idle  _OSFlagPend
 02DE:0EE1 idle  _OSFlagPost
 02DE:1081 idle  _OSFlagQuery
 067D:2E1B idle  _OSFlagTbl
 067D:29F9 idle  _OSIdleCtr
 067D:2E12 idle  _OSIdleCtrMax
 067D:2E0E idle  _OSIdleCtrRun
 02DE:000F       _OSInit
 0289:000C       _OSInitHookBegin
 0289:000D       _OSInitHookEnd
 027C:005F       _OSIntCtxSw
 02DE:0047 idle  _OSIntEnter
 02DE:005A       _OSIntExit
 067D:2A0B idle  _OSIntExitY
 067D:2A0C       _OSIntNesting
 067D:2A0A idle  _OSLockNesting
 067D:00D6 idle  _OSMapTbl
 02DE:1311 idle  _OSMboxAccept
 02DE:135C idle  _OSMboxCreate
 02DE:13D1 idle  _OSMboxDel
 02DE:14EF idle  _OSMboxPend
 02DE:15F1 idle  _OSMboxPost
 02DE:1669 idle  _OSMboxPostOpt
 02DE:170C idle  _OSMboxQuery
 02DE:1800 idle  _OSMemCreate
 067D:16EE idle  _OSMemFreeList
 02DE:194B idle  _OSMemGet
 02DE:19C9 idle  _OSMemPut
 02DE:1A39 idle  _OSMemQuery
 067D:1626 idle  _OSMemTbl
 02DE:1B86 idle  _OSMutexAccept
 02DE:1C11 idle  _OSMutexCreate
 02DE:1CF7 idle  _OSMutexDel
 02DE:1E51 idle  _OSMutexPend
 02DE:203C idle  _OSMutexPost
 02DE:21C4 idle  _OSMutexQuery
 067D:2A09       _OSPrioCur
 067D:2A08       _OSPrioHighRdy
 02DE:22DF idle  _OSQAccept
 02DE:237F idle  _OSQCreate
 02DE:24A2 idle  _OSQDel
 02DE:261F idle  _OSQFlush
 067D:1622 idle  _OSQFreeList
 02DE:2677 idle  _OSQPend
 02DE:27BD idle  _OSQPost
 02DE:2885 idle  _OSQPostFront
 02DE:2947 idle  _OSQPostOpt
 02DE:2A85 idle  _OSQQuery
 067D:1532 idle  _OSQTbl
 067D:2A07 idle  _OSRdyGrp
 067D:29FF idle  _OSRdyTbl
 067D:29FE       _OSRunning
 02DE:011A idle  _OSSchedLock
 02DE:0130 idle  _OSSchedUnlock
 02DE:2C10 idle  _OSSemAccept
 02DE:2C42 idle  _OSSemCreate
 02DE:2CB6 idle  _OSSemDel
 02DE:2DD4 idle  _OSSemPend
 02DE:2E84 idle  _OSSemPost
 02DE:2EDE idle  _OSSemQuery
 02DE:015D       _OSStart
 027C:0006       _OSStartHighRdy
 02DE:01BC       _OSStatInit
 067D:2E0D idle  _OSStatRdy
 02DE:2FCA idle  _OSTaskChangePrio
 02DE:3196       _OSTaskCreate
 02DE:3253 idle  _OSTaskCreateExt
 0289:000E       _OSTaskCreateHook
 067D:29FD idle  _OSTaskCtr
 02DE:3343 idle  _OSTaskDel
 0289:0013       _OSTaskDelHook
 02DE:3522 idle  _OSTaskDelReq
 0289:0018       _OSTaskIdleHook
 067D:25F9 idle  _OSTaskIdleStk
 02DE:37A0 idle  _OSTaskQuery
 02DE:358E idle  _OSTaskResume
 0289:0019       _OSTaskStatHook
 067D:2A0D idle  _OSTaskStatStk
 02DE:360D idle  _OSTaskStkChk
 0289:001A       _OSTaskStkInit
 0289:0100 idle  _OSTaskStkInit_FPE_x86
 02DE:36F2 idle  _OSTaskSuspend
 0289:01DB       _OSTaskSwHook
 067D:25F5       _OSTCBCur
 067D:25F1 idle  _OSTCBFreeList
 067D:25ED       _OSTCBHighRdy
 0289:01DC       _OSTCBInitHook
 067D:25E9 idle  _OSTCBList
 067D:24E9 idle  _OSTCBPrioTbl
 067D:16F2 idle  _OSTCBTbl
 067D:1510       _OSTickDOSCtr
 027C:008C       _OSTickISR
 067D:152E idle  _OSTime
 02DE:380E       _OSTimeDly
 02DE:3855 idle  _OSTimeDlyHMSM
 02DE:3944 idle  _OSTimeDlyResume
 02DE:39BC       _OSTimeGet
 02DE:39DB idle  _OSTimeSet
 02DE:01F7       _OSTimeTick
 0289:01E1       _OSTimeTickHook
 067D:00DE idle  _OSUnMapTbl
 02DE:029A idle  _OSVersion
 02DE:029E idle  _OS_Dummy
 02DE:029F idle  _OS_EventTaskRdy
 02DE:0369 idle  _OS_EventTaskWait
 02DE:03D6 idle  _OS_EventTO
 02DE:042A idle  _OS_EventWaitListInit
 02DE:11A3 idle  _OS_FlagInit
 02DE:1262 idle  _OS_FlagUnlink
 02DE:1AE2 idle  _OS_MemInit
 02DE:2BC0 idle  _OS_QInit
 02DE:0660 idle  _OS_Sched
 02DE:0707 idle  _OS_TaskIdle
 02DE:072C idle  _OS_TaskStat
 02DE:07F8 idle  _OS_TCBInit
 02A7:0002 idle  _PC_DispChar
 02A7:0040 idle  _PC_DispClrCol
 02A7:0086 idle  _PC_DispClrRow
 02A7:00BF       _PC_DispClrScr
 02A7:00F0 idle  _PC_DispStr
 02A7:013F       _PC_DOSReturn
 02A7:0153       _PC_DOSSaveReturn
 02A7:01C1       _PC_ElapsedInit
 02A7:01D5 idle  _PC_ElapsedStart
 02A7:01FB idle  _PC_ElapsedStop
 02A7:024C idle  _PC_GetDateTime
 02A7:029F       _PC_GetKey
 02A7:02C6       _PC_SetTickRate
 067D:1512 idle  _PC_TickISR
 02A7:0313 idle  _PC_VectGet
 02A7:034A       _PC_VectSet
 0000:1DD2       _printf
 0000:169B       _putch
 0000:21B5       _puts
 0000:1596       _puttext
 0000:1321 idle  _realloc
 0000:1A0B       _setblock
 0000:1A27       _setjmp
 0000:220D       _setvbuf
 0000:236A       _sprintf
 0000:23AD       _strlen
 0259:00FB idle  _Task1
 067D:0D10 idle  _Task1Stk
 0259:0167 idle  _Task2
 067D:0910 idle  _Task2Stk
 0259:01D7 idle  _Task3
 067D:0510 idle  _Task3Stk
 0259:0049 idle  _TaskStart
 067D:1110 idle  _TaskStartStk
 0000:1522 idle  _ungetch
 0000:238C idle  _vsprintf
 0000:1A9B idle  _wherex
 0000:1AAA idle  _wherey
 0000:1000 idle  __AHINCR
 0000:000C idle  __AHSHIFT
 067D:0218       __atexitcnt
 067D:2EE6       __atexittbl
 0000:1418       __brk
 067D:008B       __brklvl
 067D:006B idle  __C0argc
 067D:006D idle  __C0argv
 0000:0E72 idle  __c0crtinit
 067D:0071 idle  __C0environ
 067D:04F5       __cChar
 0000:033B idle  __cexit
 067D:04F4       __cFlag
 0000:016A       __checknull
 0000:0157       __cleanup
 0000:0C5E       __CPUTN
 0000:0E8F idle  __crtinit
 0000:0000  Abs  __cvtfak
 0000:0349 idle  __c_exit
 067D:03E0 idle  __doserrno
 0000:051B idle  __DOSERROR
 067D:03E2 idle  __dosErrorToSV
 067D:0075 idle  __envLng
 067D:0077 idle  __envseg
 067D:0079 idle  __envSize
 0000:0329       __exit
 067D:021A       __exitbuf
 067D:021E idle  __exitfopen
 067D:0222 idle  __exitopen
 0000:1DED idle  __fputc
 0000:1FB2       __FPUTN
 067D:0087       __heapbase
 067D:008F       __heaptop
 067D:005B idle  __Int0Vector
 067D:005F idle  __Int4Vector
 067D:0063 idle  __Int5Vector
 067D:0067 idle  __Int6Vector
 0000:04E2       __IOERROR
 0000:053E       __LONGTOA
 0000:0293 idle  __MMODEL
 067D:03B6       __nfile
 0000:14FB idle  __Ngetche
 0000:151F idle  __Nungetch
 067D:03B8       __openfd
 067D:007D idle  __osmajor
 067D:007E idle  __osminor
 067D:007D idle  __osversion
 067D:007B       __psp
 0000:16B2       __REALCVT
 067D:04FC       __RealCvtVector
 0000:01C0       __restorezero
 0000:1457       __sbrk
 067D:04FE idle  __ScanTodVector
 0000:17EC       __SCREENIO
 0000:189F       __SCROLL
 0000:062A       __setupio
 067D:0081 idle  __StartTime
 067D:043C       __stklen
 067D:0226       __streams
 0000:016B       __terminate
 0000:0000 idle  __turboCrt
 0000:05C0 idle  __UTOA
 0000:1828       __VALIDATEXY
 067D:007D idle  __version
 067D:04A8       __video
 0000:0DE7       __VideoInt
 0000:06FC       __VPRINTER
 0000:0BBF       __VPTR
 0000:0BE4       __VRAM
 0000:1A91       __wherexy
 0000:251D       __write
 067D:04A6       __wscroll
 0000:2559       __xfflush
 067D:0085 idle  ___brklvl
 0000:0F70 idle  ___first
 0000:0F72 idle  ___last
 0000:0F74 idle  ___rover
 0000:23CC       ___write

  Address         Publics by Value

 0000:0000 idle  __turboCrt
 0000:0000  Abs  __cvtfak
 0000:000C idle  __AHSHIFT
 0000:0157       __cleanup
 0000:016A       __checknull
 0000:016B       __terminate
 0000:01C0       __restorezero
 0000:027A       _abort
 0000:0291 idle  DGROUP@
 0000:0293 idle  __MMODEL
 0000:0295 idle  _atexit
 0000:031A       _exit
 0000:0329       __exit
 0000:033B idle  __cexit
 0000:0349 idle  __c_exit
 0000:0355       F_LXMUL@
 0000:0355 idle  LXMUL@
 0000:036C       _getdate
 0000:037F       _gettime
 0000:0392 idle  N_LDIV@
 0000:0395 idle  LDIV@
 0000:0395 idle  F_LDIV@
 0000:0399 idle  N_LUDIV@
 0000:039C       F_LUDIV@
 0000:039C idle  LUDIV@
 0000:03A1 idle  N_LMOD@
 0000:03A4 idle  F_LMOD@
 0000:03A4 idle  LMOD@
 0000:03A9 idle  N_LUMOD@
 0000:03AC idle  LUMOD@
 0000:03AC idle  F_LUMOD@
 0000:0440       N_LXLSH@
 0000:0443       F_LXLSH@
 0000:0443 idle  LXLSH@
 0000:0461 idle  N_LXURSH@
 0000:0464       F_LXURSH@
 0000:0464 idle  LXURSH@
 0000:0482       N_PADD@
 0000:0485 idle  F_PADD@
 0000:0485 idle  PADD@
 0000:04B1 idle  N_PSUB@
 0000:04B4 idle  F_PSUB@
 0000:04B4 idle  PSUB@
 0000:04E2       __IOERROR
 0000:051B idle  __DOSERROR
 0000:052D       _isatty
 0000:053E       __LONGTOA
 0000:05C0 idle  __UTOA
 0000:05E0       _lseek
 0000:0609       N_PCMP@
 0000:062A       __setupio
 0000:06FC       __VPRINTER
 0000:0BBF       __VPTR
 0000:0BE4       __VRAM
 0000:0C5E       __CPUTN
 0000:0D90 idle  _cprintf
 0000:0DE7       __VideoInt
 0000:0E72 idle  __c0crtinit
 0000:0E8F idle  __crtinit
 0000:0F70 idle  ___first
 0000:0F72 idle  ___last
 0000:0F74 idle  ___rover
 0000:1000 idle  __AHINCR
 0000:10B0       _free
 0000:10B0 idle  _farfree
 0000:11BA       _malloc
 0000:11C4 idle  _farmalloc
 0000:1321 idle  _realloc
 0000:1328 idle  _farrealloc
 0000:1418       __brk
 0000:1457       __sbrk
 0000:14E2       _getch
 0000:14FB idle  __Ngetche
 0000:14FE idle  _getche
 0000:151F idle  __Nungetch
 0000:1522 idle  _ungetch
 0000:1540       _gettext
 0000:1596       _puttext
 0000:15EC       _kbhit
 0000:15FE       _movetext
 0000:169B       _putch
 0000:16B2       __REALCVT
 0000:17EC       __SCREENIO
 0000:1828       __VALIDATEXY
 0000:189F       __SCROLL
 0000:1A0B       _setblock
 0000:1A27       _setjmp
 0000:1A5D       _longjmp
 0000:1A91       __wherexy
 0000:1A9B idle  _wherex
 0000:1AAA idle  _wherey
 0000:1ABD       _fflush
 0000:1B8A       _flushall
 0000:1C4E       _fseek
 0000:1CCE idle  _ftell
 0000:1DAE       _memcpy
 0000:1DD2       _printf
 0000:1DED idle  __fputc
 0000:1E09       _fputc
 0000:1F9E idle  _fputchar
 0000:1FB2       __FPUTN
 0000:21B5       _puts
 0000:220D       _setvbuf
 0000:236A       _sprintf
 0000:238C idle  _vsprintf
 0000:23AD       _strlen
 0000:23CC       ___write
 0000:251D       __write
 0000:2559       __xfflush
 0259:0001       _main
 0259:0049 idle  _TaskStart
 0259:00FB idle  _Task1
 0259:0167 idle  _Task2
 0259:01D7 idle  _Task3
 027C:0006       _OSStartHighRdy
 027C:0024       _OSCtxSw
 027C:005F       _OSIntCtxSw
 027C:008C       _OSTickISR
 0289:000C       _OSInitHookBegin
 0289:000D       _OSInitHookEnd
 0289:000E       _OSTaskCreateHook
 0289:0013       _OSTaskDelHook
 0289:0018       _OSTaskIdleHook
 0289:0019       _OSTaskStatHook
 0289:001A       _OSTaskStkInit
 0289:0100 idle  _OSTaskStkInit_FPE_x86
 0289:01DB       _OSTaskSwHook
 0289:01DC       _OSTCBInitHook
 0289:01E1       _OSTimeTickHook
 02A7:0002 idle  _PC_DispChar
 02A7:0040 idle  _PC_DispClrCol
 02A7:0086 idle  _PC_DispClrRow
 02A7:00BF       _PC_DispClrScr
 02A7:00F0 idle  _PC_DispStr
 02A7:013F       _PC_DOSReturn
 02A7:0153       _PC_DOSSaveReturn
 02A7:01C1       _PC_ElapsedInit
 02A7:01D5 idle  _PC_ElapsedStart
 02A7:01FB idle  _PC_ElapsedStop
 02A7:024C idle  _PC_GetDateTime
 02A7:029F       _PC_GetKey
 02A7:02C6       _PC_SetTickRate
 02A7:0313 idle  _PC_VectGet
 02A7:034A       _PC_VectSet
 02DE:000F       _OSInit
 02DE:0047 idle  _OSIntEnter
 02DE:005A       _OSIntExit
 02DE:011A idle  _OSSchedLock
 02DE:0130 idle  _OSSchedUnlock
 02DE:015D       _OSStart
 02DE:01BC       _OSStatInit
 02DE:01F7       _OSTimeTick
 02DE:029A idle  _OSVersion
 02DE:029E idle  _OS_Dummy
 02DE:029F idle  _OS_EventTaskRdy
 02DE:0369 idle  _OS_EventTaskWait
 02DE:03D6 idle  _OS_EventTO
 02DE:042A idle  _OS_EventWaitListInit
 02DE:0660 idle  _OS_Sched
 02DE:0707 idle  _OS_TaskIdle
 02DE:072C idle  _OS_TaskStat
 02DE:07F8 idle  _OS_TCBInit
 02DE:099B idle  _OSFlagAccept
 02DE:0ACD idle  _OSFlagCreate
 02DE:0B45 idle  _OSFlagDel
 02DE:0C87 idle  _OSFlagPend
 02DE:0EE1 idle  _OSFlagPost
 02DE:1081 idle  _OSFlagQuery
 02DE:11A3 idle  _OS_FlagInit
 02DE:1262 idle  _OS_FlagUnlink
 02DE:1311 idle  _OSMboxAccept
 02DE:135C idle  _OSMboxCreate
 02DE:13D1 idle  _OSMboxDel
 02DE:14EF idle  _OSMboxPend
 02DE:15F1 idle  _OSMboxPost
 02DE:1669 idle  _OSMboxPostOpt
 02DE:170C idle  _OSMboxQuery
 02DE:1800 idle  _OSMemCreate
 02DE:194B idle  _OSMemGet
 02DE:19C9 idle  _OSMemPut
 02DE:1A39 idle  _OSMemQuery
 02DE:1AE2 idle  _OS_MemInit
 02DE:1B86 idle  _OSMutexAccept
 02DE:1C11 idle  _OSMutexCreate
 02DE:1CF7 idle  _OSMutexDel
 02DE:1E51 idle  _OSMutexPend
 02DE:203C idle  _OSMutexPost
 02DE:21C4 idle  _OSMutexQuery
 02DE:22DF idle  _OSQAccept
 02DE:237F idle  _OSQCreate
 02DE:24A2 idle  _OSQDel
 02DE:261F idle  _OSQFlush
 02DE:2677 idle  _OSQPend
 02DE:27BD idle  _OSQPost
 02DE:2885 idle  _OSQPostFront
 02DE:2947 idle  _OSQPostOpt
 02DE:2A85 idle  _OSQQuery
 02DE:2BC0 idle  _OS_QInit
 02DE:2C10 idle  _OSSemAccept
 02DE:2C42 idle  _OSSemCreate
 02DE:2CB6 idle  _OSSemDel
 02DE:2DD4 idle  _OSSemPend
 02DE:2E84 idle  _OSSemPost
 02DE:2EDE idle  _OSSemQuery
 02DE:2FCA idle  _OSTaskChangePrio
 02DE:3196       _OSTaskCreate
 02DE:3253 idle  _OSTaskCreateExt
 02DE:3343 idle  _OSTaskDel
 02DE:3522 idle  _OSTaskDelReq
 02DE:358E idle  _OSTaskResume
 02DE:360D idle  _OSTaskStkChk
 02DE:36F2 idle  _OSTaskSuspend
 02DE:37A0 idle  _OSTaskQuery
 02DE:380E       _OSTimeDly
 02DE:3855 idle  _OSTimeDlyHMSM
 02DE:3944 idle  _OSTimeDlyResume
 02DE:39BC       _OSTimeGet
 02DE:39DB idle  _OSTimeSet
 067D:0000 idle  DATASEG@
 067D:005B idle  __Int0Vector
 067D:005F idle  __Int4Vector
 067D:0063 idle  __Int5Vector
 067D:0067 idle  __Int6Vector
 067D:006B idle  __C0argc
 067D:006D idle  __C0argv
 067D:0071 idle  __C0environ
 067D:0075 idle  __envLng
 067D:0077 idle  __envseg
 067D:0079 idle  __envSize
 067D:007B       __psp
 067D:007D idle  __osversion
 067D:007D idle  __osmajor
 067D:007D idle  __version
 067D:007E idle  __osminor
 067D:007F       _errno
 067D:0081 idle  __StartTime
 067D:0085 idle  ___brklvl
 067D:0087       __heapbase
 067D:008B       __brklvl
 067D:008F       __heaptop
 067D:00D6 idle  _OSMapTbl
 067D:00DE idle  _OSUnMapTbl
 067D:0218       __atexitcnt
 067D:021A       __exitbuf
 067D:021E idle  __exitfopen
 067D:0222 idle  __exitopen
 067D:0226       __streams
 067D:03B6       __nfile
 067D:03B8       __openfd
 067D:03E0 idle  __doserrno
 067D:03E2 idle  __dosErrorToSV
 067D:043C       __stklen
 067D:04A6       __wscroll
 067D:04A8       __video
 067D:04B7       _directvideo
 067D:04F4       __cFlag
 067D:04F5       __cChar
 067D:04FC       __RealCvtVector
 067D:04FE idle  __ScanTodVector
 067D:0510 idle  _Task3Stk
 067D:0910 idle  _Task2Stk
 067D:0D10 idle  _Task1Stk
 067D:1110 idle  _TaskStartStk
 067D:1510       _OSTickDOSCtr
 067D:1512 idle  _PC_TickISR
 067D:152E idle  _OSTime
 067D:1532 idle  _OSQTbl
 067D:1622 idle  _OSQFreeList
 067D:1626 idle  _OSMemTbl
 067D:16EE idle  _OSMemFreeList
 067D:16F2 idle  _OSTCBTbl
 067D:24E9 idle  _OSTCBPrioTbl
 067D:25E9 idle  _OSTCBList
 067D:25ED       _OSTCBHighRdy
 067D:25F1 idle  _OSTCBFreeList
 067D:25F5       _OSTCBCur
 067D:25F9 idle  _OSTaskIdleStk
 067D:29F9 idle  _OSIdleCtr
 067D:29FD idle  _OSTaskCtr
 067D:29FE       _OSRunning
 067D:29FF idle  _OSRdyTbl
 067D:2A07 idle  _OSRdyGrp
 067D:2A08       _OSPrioHighRdy
 067D:2A09       _OSPrioCur
 067D:2A0A idle  _OSLockNesting
 067D:2A0B idle  _OSIntExitY
 067D:2A0C       _OSIntNesting
 067D:2A0D idle  _OSTaskStatStk
 067D:2E0D idle  _OSStatRdy
 067D:2E0E idle  _OSIdleCtrRun
 067D:2E12 idle  _OSIdleCtrMax
 067D:2E16 idle  _OSCPUUsage
 067D:2E17 idle  _OSFlagFreeList
 067D:2E1B idle  _OSFlagTbl
 067D:2E3E idle  _OSEventTbl
 067D:2EDE idle  _OSEventFreeList
 067D:2EE2       _OSCtxSwCtr
 067D:2EE6       __atexittbl

Program entry point at 0000:0000

